// Jest Snapshot v1, https://goo.gl/fbAQLP

exports[`Quote container matches snapshot 1`] = `
<div>
  <div
    class="container text-end pb-3"
  >
    <div />
    <button
      style="color: white; background-color: brown;"
    >
      Click here for an inspirational qu√∏te!
    </button>
  </div>
</div>
`;
